[
    {
        "Space": "t",
        "Value": [
            1605559909,
            1605559909,
            1605559909
        ]
    },
    {
        "Space": "x",
        "Value": [
            0.5,
            0.7,
            600
        ]
    },
    {
        "Space": "y",
        "Value": [
            23,
            8.553,
            300
        ]
    }
]

1605559909